// Jest Snapshot v1, https://goo.gl/fbAQLP

exports[`findRegularFilesInDir finds all regular in a given directory files 1`] = `
[
  "file_1.txt",
  "file_10.txt",
  "file_15.txt",
  "file_17.txt",
  "file_19.txt",
  "file_2.txt",
  "file_20.txt",
  "file_3.groovy",
  "file_4.txt",
  "file_5.txt",
  "file_6.txt",
  "file_7.txt",
  "file_8.txt",
  "file_9.txt",
  "file_13.txt",
  "file_14.txt",
  "file_16.txt",
  "file_11.txt",
  "file_12.txt",
  "file_18.txt",
]
`;
