// Jest Snapshot v1, https://goo.gl/fbAQLP

exports[`finds all regular in a given directory files 1`] = `
Array [
  "/mnt/c/Users/danie/Documents/development/camera-media-extractor/src/file-utils/test/file_1.txt",
  "/mnt/c/Users/danie/Documents/development/camera-media-extractor/src/file-utils/test/file_10.txt",
  "/mnt/c/Users/danie/Documents/development/camera-media-extractor/src/file-utils/test/file_15.txt",
  "/mnt/c/Users/danie/Documents/development/camera-media-extractor/src/file-utils/test/file_17.txt",
  "/mnt/c/Users/danie/Documents/development/camera-media-extractor/src/file-utils/test/file_19.txt",
  "/mnt/c/Users/danie/Documents/development/camera-media-extractor/src/file-utils/test/file_2.txt",
  "/mnt/c/Users/danie/Documents/development/camera-media-extractor/src/file-utils/test/file_20.txt",
  "/mnt/c/Users/danie/Documents/development/camera-media-extractor/src/file-utils/test/file_3.groovy",
  "/mnt/c/Users/danie/Documents/development/camera-media-extractor/src/file-utils/test/file_4.txt",
  "/mnt/c/Users/danie/Documents/development/camera-media-extractor/src/file-utils/test/file_5.txt",
  "/mnt/c/Users/danie/Documents/development/camera-media-extractor/src/file-utils/test/file_6.txt",
  "/mnt/c/Users/danie/Documents/development/camera-media-extractor/src/file-utils/test/file_7.txt",
  "/mnt/c/Users/danie/Documents/development/camera-media-extractor/src/file-utils/test/file_8.txt",
  "/mnt/c/Users/danie/Documents/development/camera-media-extractor/src/file-utils/test/file_9.txt",
  "/mnt/c/Users/danie/Documents/development/camera-media-extractor/src/file-utils/test/folder1/file_13.txt",
  "/mnt/c/Users/danie/Documents/development/camera-media-extractor/src/file-utils/test/folder1/file_14.txt",
  "/mnt/c/Users/danie/Documents/development/camera-media-extractor/src/file-utils/test/folder1/file_16.txt",
  "/mnt/c/Users/danie/Documents/development/camera-media-extractor/src/file-utils/test/folder2/file_11.txt",
  "/mnt/c/Users/danie/Documents/development/camera-media-extractor/src/file-utils/test/folder2/file_12.txt",
  "/mnt/c/Users/danie/Documents/development/camera-media-extractor/src/file-utils/test/folder2/file_18.txt",
]
`;
